ARM Linker, 5.03 [Build 24] [MDK-ARM Lite]

==============================================================================

Section Cross References

    startup_lpc17xx.o(RESET) refers to startup_lpc17xx.o(STACK) for __initial_sp
    startup_lpc17xx.o(RESET) refers to startup_lpc17xx.o(.text) for Reset_Handler
    startup_lpc17xx.o(RESET) refers to uart.o(.text) for UART0_IRQHandler
    startup_lpc17xx.o(RESET) refers to usbhw.o(.text) for USB_IRQHandler
    startup_lpc17xx.o(.text) refers to entry.o(.ARM.Collect$$$$00000000) for __main
    system_lpc17xx.o(.text) refers to system_lpc17xx.o(.data) for SystemFrequency
    usbcore.o(.text) refers to usbhw.o(.text) for USB_ReadEP
    usbcore.o(.text) refers to usbcore.o(i.USB_ReqGetStatus) for USB_ReqGetStatus
    usbcore.o(.text) refers to usbcore.o(i.USB_ReqSetClrFeature) for USB_ReqSetClrFeature
    usbcore.o(.text) refers to usbcore.o(i.USB_ReqGetDescriptor) for USB_ReqGetDescriptor
    usbcore.o(.text) refers to usbcore.o(i.USB_ReqSetConfiguration) for USB_ReqSetConfiguration
    usbcore.o(.text) refers to usbuser.o(.text) for USB_Configure_Event
    usbcore.o(.text) refers to usbcore.o(i.USB_ReqSetInterface) for USB_ReqSetInterface
    usbcore.o(.text) refers to hiduser.o(.text) for HID_GetReport
    usbcore.o(.text) refers to usbcore.o(.data) for USB_DeviceStatus
    usbhw.o(.text) refers to usbuser.o(.text) for USB_Reset_Event
    usbhw.o(.text) refers to usbcore.o(.data) for USB_DeviceStatus
    usbhw.o(.text) refers to usbuser.o(.constdata) for USB_P_EP
    usbuser.o(.text) refers to usbcore.o(.text) for USB_ResetCore
    usbuser.o(.text) refers to demo.o(.text) for GetInReport
    usbuser.o(.text) refers to usbhw.o(.text) for USB_WriteEP
    usbuser.o(.text) refers to usbcore.o(.data) for USB_Configuration
    usbuser.o(.text) refers to usbuser.o(.data) for iFlag
    usbuser.o(.text) refers to demo.o(.bss) for MyReportmouse
    usbuser.o(.constdata) refers to usbcore.o(.text) for USB_EndPoint0
    usbuser.o(.constdata) refers to usbuser.o(.text) for USB_EndPoint1
    hiduser.o(.text) refers to demo.o(.text) for GetInReport
    hiduser.o(.text) refers to usbcore.o(.data) for SetupPacket
    hiduser.o(.text) refers to demo.o(.data) for OutReport
    hiduser.o(.text) refers to hiduser.o(.data) for HID_IdleTime
    demo.o(.text) refers to fmul.o(.text) for __aeabi_fmul
    demo.o(.text) refers to ffixui.o(.text) for __aeabi_f2uiz
    demo.o(.text) refers to system_lpc17xx.o(.text) for SystemInit
    demo.o(.text) refers to usbhw.o(.text) for USB_Init
    demo.o(.text) refers to uart.o(.text) for UARTInit
    demo.o(.text) refers to dflti.o(.text) for __aeabi_i2d
    demo.o(.text) refers to ddiv.o(.text) for __aeabi_ddiv
    demo.o(.text) refers to dmul.o(.text) for __aeabi_dmul
    demo.o(.text) refers to d2f.o(.text) for __aeabi_d2f
    demo.o(.text) refers to cfrcmple.o(.text) for __aeabi_cfrcmple
    demo.o(.text) refers to fadd.o(.text) for __aeabi_fsub
    demo.o(.text) refers to dadd.o(.text) for __aeabi_dadd
    demo.o(.text) refers to dfixui.o(.text) for __aeabi_d2uiz
    demo.o(.text) refers to demo.o(.data) for InReport
    demo.o(.text) refers to demo.o(.bss) for MyReportmouse
    demo.o(.text) refers to uart.o(.data) for sign0
    demo.o(.text) refers to uart.o(.bss) for UART0Buffer
    uart.o(.text) refers to uart.o(.data) for UART0Status
    uart.o(.text) refers to uart.o(.bss) for UART0Buffer
    entry.o(.ARM.Collect$$$$00000000) refers (Special) to entry10a.o(.ARM.Collect$$$$0000000D) for __rt_final_cpp
    entry.o(.ARM.Collect$$$$00000000) refers (Special) to entry11a.o(.ARM.Collect$$$$0000000F) for __rt_final_exit
    entry.o(.ARM.Collect$$$$00000000) refers (Special) to entry7b.o(.ARM.Collect$$$$00000008) for _main_clock
    entry.o(.ARM.Collect$$$$00000000) refers (Special) to entry8b.o(.ARM.Collect$$$$0000000A) for _main_cpp_init
    entry.o(.ARM.Collect$$$$00000000) refers (Special) to entry9a.o(.ARM.Collect$$$$0000000B) for _main_init
    entry.o(.ARM.Collect$$$$00000000) refers (Special) to entry5.o(.ARM.Collect$$$$00000004) for _main_scatterload
    entry.o(.ARM.Collect$$$$00000000) refers (Special) to entry2.o(.ARM.Collect$$$$00000001) for _main_stk
    fadd.o(.text) refers (Special) to iusefp.o(.text) for __I$use$fp
    fadd.o(.text) refers to fepilogue.o(.text) for _float_epilogue
    fmul.o(.text) refers (Special) to iusefp.o(.text) for __I$use$fp
    dadd.o(.text) refers (Special) to iusefp.o(.text) for __I$use$fp
    dadd.o(.text) refers to llshl.o(.text) for __aeabi_llsl
    dadd.o(.text) refers to llsshr.o(.text) for __aeabi_lasr
    dadd.o(.text) refers to depilogue.o(.text) for _double_epilogue
    dmul.o(.text) refers (Special) to iusefp.o(.text) for __I$use$fp
    dmul.o(.text) refers to depilogue.o(.text) for _double_epilogue
    ddiv.o(.text) refers (Special) to iusefp.o(.text) for __I$use$fp
    ddiv.o(.text) refers to depilogue.o(.text) for _double_round
    dflti.o(.text) refers (Special) to iusefp.o(.text) for __I$use$fp
    dflti.o(.text) refers to depilogue.o(.text) for _double_epilogue
    ffixui.o(.text) refers (Special) to iusefp.o(.text) for __I$use$fp
    dfixui.o(.text) refers (Special) to iusefp.o(.text) for __I$use$fp
    dfixui.o(.text) refers to llushr.o(.text) for __aeabi_llsr
    d2f.o(.text) refers (Special) to iusefp.o(.text) for __I$use$fp
    d2f.o(.text) refers to fepilogue.o(.text) for _float_round
    cfrcmple.o(.text) refers (Special) to iusefp.o(.text) for __I$use$fp
    entry2.o(.ARM.Collect$$$$00000001) refers to entry2.o(.ARM.Collect$$$$00002712) for __lit__00000000
    entry2.o(.ARM.Collect$$$$00002712) refers to startup_lpc17xx.o(STACK) for __initial_sp
    entry2.o(__vectab_stack_and_reset_area) refers to startup_lpc17xx.o(STACK) for __initial_sp
    entry2.o(__vectab_stack_and_reset_area) refers to entry.o(.ARM.Collect$$$$00000000) for __main
    entry5.o(.ARM.Collect$$$$00000004) refers to init.o(.text) for __scatterload
    entry9a.o(.ARM.Collect$$$$0000000B) refers to demo.o(.text) for main
    entry9b.o(.ARM.Collect$$$$0000000C) refers to demo.o(.text) for main
    depilogue.o(.text) refers to llshl.o(.text) for __aeabi_llsl
    depilogue.o(.text) refers to llushr.o(.text) for __aeabi_llsr
    init.o(.text) refers to entry5.o(.ARM.Collect$$$$00000004) for __main_after_scatterload
    usbcore.o(i.USB_ReqGetStatus) refers to usbcore.o(.data) for SetupPacket
    usbcore.o(i.USB_ReqSetClrFeature) refers to usbhw.o(.text) for USB_WakeUpCfg
    usbcore.o(i.USB_ReqSetClrFeature) refers to usbcore.o(.data) for SetupPacket
    usbcore.o(i.USB_ReqGetDescriptor) refers to usbcore.o(.data) for SetupPacket
    usbcore.o(i.USB_ReqGetDescriptor) refers to usbdesc.o(.constdata) for USB_DeviceDescriptor
    usbcore.o(i.USB_ReqSetConfiguration) refers to usbhw.o(.text) for USB_DisableEP
    usbcore.o(i.USB_ReqSetConfiguration) refers to usbcore.o(.data) for SetupPacket
    usbcore.o(i.USB_ReqSetConfiguration) refers to usbdesc.o(.constdata) for USB_ConfigDescriptor
    usbcore.o(i.USB_ReqSetInterface) refers to usbhw.o(.text) for USB_ConfigEP
    usbcore.o(i.USB_ReqSetInterface) refers to usbcore.o(.data) for SetupPacket
    usbcore.o(i.USB_ReqSetInterface) refers to usbdesc.o(.constdata) for USB_ConfigDescriptor


==============================================================================

Removing Unused input sections from the image.

    Removing startup_lpc17xx.o(HEAP), (0 bytes).
    Removing system_lpc17xx.o(.rev16_text), (4 bytes).
    Removing system_lpc17xx.o(.revsh_text), (4 bytes).
    Removing usbhw.o(.rev16_text), (4 bytes).
    Removing usbhw.o(.revsh_text), (4 bytes).
    Removing demo.o(.rev16_text), (4 bytes).
    Removing demo.o(.revsh_text), (4 bytes).
    Removing uart.o(.rev16_text), (4 bytes).
    Removing uart.o(.revsh_text), (4 bytes).

9 unused section(s) (total 32 bytes) removed from the image.

==============================================================================

Image Symbol Table

    Local Symbols

    Symbol Name                              Value     Ov Type        Size  Object(Section)

    RESET                                    0x00000000   Section      204  startup_lpc17xx.o(RESET)
    ../clib/microlib/init/entry.s            0x00000000   Number         0  entry.o ABSOLUTE
    ../clib/microlib/init/entry.s            0x00000000   Number         0  entry9a.o ABSOLUTE
    ../clib/microlib/init/entry.s            0x00000000   Number         0  entry11b.o ABSOLUTE
    ../clib/microlib/init/entry.s            0x00000000   Number         0  entry5.o ABSOLUTE
    ../clib/microlib/init/entry.s            0x00000000   Number         0  entry7a.o ABSOLUTE
    ../clib/microlib/init/entry.s            0x00000000   Number         0  entry11a.o ABSOLUTE
    ../clib/microlib/init/entry.s            0x00000000   Number         0  entry10b.o ABSOLUTE
    ../clib/microlib/init/entry.s            0x00000000   Number         0  entry2.o ABSOLUTE
    ../clib/microlib/init/entry.s            0x00000000   Number         0  entry7b.o ABSOLUTE
    ../clib/microlib/init/entry.s            0x00000000   Number         0  entry10a.o ABSOLUTE
    ../clib/microlib/init/entry.s            0x00000000   Number         0  entry8b.o ABSOLUTE
    ../clib/microlib/init/entry.s            0x00000000   Number         0  entry8a.o ABSOLUTE
    ../clib/microlib/init/entry.s            0x00000000   Number         0  entry9b.o ABSOLUTE
    ../clib/microlib/longlong.c              0x00000000   Number         0  llsshr.o ABSOLUTE
    ../clib/microlib/longlong.c              0x00000000   Number         0  llushr.o ABSOLUTE
    ../clib/microlib/longlong.c              0x00000000   Number         0  llshl.o ABSOLUTE
    ../clib/microlib/stubs.s                 0x00000000   Number         0  iusefp.o ABSOLUTE
    ../fplib/microlib/d2f.c                  0x00000000   Number         0  d2f.o ABSOLUTE
    ../fplib/microlib/fpadd.c                0x00000000   Number         0  fadd.o ABSOLUTE
    ../fplib/microlib/fpadd.c                0x00000000   Number         0  dadd.o ABSOLUTE
    ../fplib/microlib/fpdiv.c                0x00000000   Number         0  ddiv.o ABSOLUTE
    ../fplib/microlib/fpepilogue.c           0x00000000   Number         0  fepilogue.o ABSOLUTE
    ../fplib/microlib/fpepilogue.c           0x00000000   Number         0  depilogue.o ABSOLUTE
    ../fplib/microlib/fpfix.c                0x00000000   Number         0  dfixui.o ABSOLUTE
    ../fplib/microlib/fpfix.c                0x00000000   Number         0  ffixui.o ABSOLUTE
    ../fplib/microlib/fpflt.c                0x00000000   Number         0  dflti.o ABSOLUTE
    ../fplib/microlib/fpmul.c                0x00000000   Number         0  dmul.o ABSOLUTE
    ../fplib/microlib/fpmul.c                0x00000000   Number         0  fmul.o ABSOLUTE
    cfrcmple.s                               0x00000000   Number         0  cfrcmple.o ABSOLUTE
    dc.s                                     0x00000000   Number         0  dc.o ABSOLUTE
    demo.c                                   0x00000000   Number         0  demo.o ABSOLUTE
    demo.c                                   0x00000000   Number         0  demo.o ABSOLUTE
    handlers.s                               0x00000000   Number         0  handlers.o ABSOLUTE
    hiduser.c                                0x00000000   Number         0  hiduser.o ABSOLUTE
    init.s                                   0x00000000   Number         0  init.o ABSOLUTE
    startup_LPC17xx.s                        0x00000000   Number         0  startup_lpc17xx.o ABSOLUTE
    system_LPC17xx.c                         0x00000000   Number         0  system_lpc17xx.o ABSOLUTE
    system_LPC17xx.c                         0x00000000   Number         0  system_lpc17xx.o ABSOLUTE
    uart.c                                   0x00000000   Number         0  uart.o ABSOLUTE
    uart.c                                   0x00000000   Number         0  uart.o ABSOLUTE
    usbcore.c                                0x00000000   Number         0  usbcore.o ABSOLUTE
    usbdesc.c                                0x00000000   Number         0  usbdesc.o ABSOLUTE
    usbhw.c                                  0x00000000   Number         0  usbhw.o ABSOLUTE
    usbhw.c                                  0x00000000   Number         0  usbhw.o ABSOLUTE
    usbuser.c                                0x00000000   Number         0  usbuser.o ABSOLUTE
    .ARM.Collect$$$$00000000                 0x000000cc   Section        0  entry.o(.ARM.Collect$$$$00000000)
    .ARM.Collect$$$$00000001                 0x000000cc   Section        4  entry2.o(.ARM.Collect$$$$00000001)
    .ARM.Collect$$$$00000004                 0x000000d0   Section        4  entry5.o(.ARM.Collect$$$$00000004)
    .ARM.Collect$$$$00000008                 0x000000d4   Section        0  entry7b.o(.ARM.Collect$$$$00000008)
    .ARM.Collect$$$$0000000A                 0x000000d4   Section        0  entry8b.o(.ARM.Collect$$$$0000000A)
    .ARM.Collect$$$$0000000B                 0x000000d4   Section        8  entry9a.o(.ARM.Collect$$$$0000000B)
    .ARM.Collect$$$$0000000D                 0x000000dc   Section        0  entry10a.o(.ARM.Collect$$$$0000000D)
    .ARM.Collect$$$$0000000F                 0x000000dc   Section        0  entry11a.o(.ARM.Collect$$$$0000000F)
    .ARM.Collect$$$$00002712                 0x000000dc   Section        4  entry2.o(.ARM.Collect$$$$00002712)
    __lit__00000000                          0x000000dc   Data           4  entry2.o(.ARM.Collect$$$$00002712)
    .text                                    0x000000e0   Section       28  startup_lpc17xx.o(.text)
    .text                                    0x000000fc   Section        0  usbuser.o(.text)
    .text                                    0x000001c8   Section        0  hiduser.o(.text)
    .text                                    0x0000026c   Section        0  fmul.o(.text)
    .text                                    0x000002d8   Section        0  dflti.o(.text)
    .text                                    0x000002fa   Section        0  iusefp.o(.text)
    i.__scatterload_null                     0x000002fa   Section        2  handlers.o(i.__scatterload_null)
    .ARM.__at_0x02FC                         0x000002fc   Section        4  startup_lpc17xx.o(.ARM.__at_0x02FC)
    .text                                    0x00000300   Section        0  system_lpc17xx.o(.text)
    .text                                    0x00000568   Section        0  usbcore.o(.text)
    .text                                    0x00000904   Section        0  usbhw.o(.text)
    .text                                    0x00000e48   Section        0  demo.o(.text)
    .text                                    0x0000139c   Section        0  uart.o(.text)
    NVIC_EnableIRQ                           0x000015f3   Thumb Code    24  uart.o(.text)
    .text                                    0x00001644   Section        0  fadd.o(.text)
    .text                                    0x000016f4   Section        0  dadd.o(.text)
    .text                                    0x00001842   Section        0  dmul.o(.text)
    .text                                    0x00001926   Section        0  ddiv.o(.text)
    .text                                    0x00001a04   Section        0  ffixui.o(.text)
    .text                                    0x00001a2c   Section        0  dfixui.o(.text)
    .text                                    0x00001a5e   Section        0  d2f.o(.text)
    .text                                    0x00001a98   Section       20  cfrcmple.o(.text)
    .text                                    0x00001aac   Section        0  llshl.o(.text)
    .text                                    0x00001aca   Section        0  llushr.o(.text)
    .text                                    0x00001aea   Section        0  llsshr.o(.text)
    .text                                    0x00001b0e   Section        0  fepilogue.o(.text)
    .text                                    0x00001b7a   Section        0  depilogue.o(.text)
    .text                                    0x00001c38   Section       36  init.o(.text)
    i.USB_ReqGetDescriptor                   0x00001c5c   Section        0  usbcore.o(i.USB_ReqGetDescriptor)
    i.USB_ReqGetStatus                       0x00001d60   Section        0  usbcore.o(i.USB_ReqGetStatus)
    i.USB_ReqSetClrFeature                   0x00001e20   Section        0  usbcore.o(i.USB_ReqSetClrFeature)
    i.USB_ReqSetConfiguration                0x00001f0c   Section        0  usbcore.o(i.USB_ReqSetConfiguration)
    i.USB_ReqSetInterface                    0x000020c0   Section        0  usbcore.o(i.USB_ReqSetInterface)
    i.__scatterload_copy                     0x000021f0   Section       14  handlers.o(i.__scatterload_copy)
    i.__scatterload_zeroinit                 0x000021fe   Section       14  handlers.o(i.__scatterload_zeroinit)
    .constdata                               0x0000220c   Section      274  usbdesc.o(.constdata)
    .constdata                               0x00002320   Section       64  usbuser.o(.constdata)
    .data                                    0x10000000   Section        4  system_lpc17xx.o(.data)
    .data                                    0x10000004   Section       44  usbcore.o(.data)
    .data                                    0x10000030   Section        1  usbuser.o(.data)
    .data                                    0x10000031   Section        2  hiduser.o(.data)
    .data                                    0x10000034   Section       50  demo.o(.data)
    led_mask                                 0x10000044   Data          32  demo.o(.data)
    .data                                    0x10000068   Section       24  uart.o(.data)
    .bss                                     0x10000080   Section       56  demo.o(.bss)
    .bss                                     0x100000b8   Section      128  uart.o(.bss)
    STACK                                    0x10000138   Section      512  startup_lpc17xx.o(STACK)

    Global Symbols

    Symbol Name                              Value     Ov Type        Size  Object(Section)

    BuildAttributes$$THM_ISAv4$P$D$K$B$S$PE$A:L22UL41UL21$X:L11$S22US41US21$IEEE1$IW$USESV6$~STKCKD$USESV7$~SHL$OTIME$ROPI$EBA8$MICROLIB$REQ8$PRES8$EABIv2 0x00000000   Number         0  anon$$obj.o ABSOLUTE
    __ARM_use_no_argv                        0x00000000   Number         0  demo.o ABSOLUTE
    __Vectors                                0x00000000   Data           4  startup_lpc17xx.o(RESET)
    __cpp_initialize__aeabi_                  - Undefined Weak Reference
    __cxa_finalize                            - Undefined Weak Reference
    __decompress                              - Undefined Weak Reference
    _clock_init                               - Undefined Weak Reference
    _microlib_exit                            - Undefined Weak Reference
    __main                                   0x000000cd   Thumb Code     0  entry.o(.ARM.Collect$$$$00000000)
    _main_stk                                0x000000cd   Thumb Code     0  entry2.o(.ARM.Collect$$$$00000001)
    _main_scatterload                        0x000000d1   Thumb Code     0  entry5.o(.ARM.Collect$$$$00000004)
    __main_after_scatterload                 0x000000d5   Thumb Code     0  entry5.o(.ARM.Collect$$$$00000004)
    _main_clock                              0x000000d5   Thumb Code     0  entry7b.o(.ARM.Collect$$$$00000008)
    _main_cpp_init                           0x000000d5   Thumb Code     0  entry8b.o(.ARM.Collect$$$$0000000A)
    _main_init                               0x000000d5   Thumb Code     0  entry9a.o(.ARM.Collect$$$$0000000B)
    __rt_final_cpp                           0x000000dd   Thumb Code     0  entry10a.o(.ARM.Collect$$$$0000000D)
    __rt_final_exit                          0x000000dd   Thumb Code     0  entry11a.o(.ARM.Collect$$$$0000000F)
    Reset_Handler                            0x000000e1   Thumb Code     4  startup_lpc17xx.o(.text)
    NMI_Handler                              0x000000e5   Thumb Code     2  startup_lpc17xx.o(.text)
    HardFault_Handler                        0x000000e7   Thumb Code     2  startup_lpc17xx.o(.text)
    MemManage_Handler                        0x000000e9   Thumb Code     2  startup_lpc17xx.o(.text)
    BusFault_Handler                         0x000000eb   Thumb Code     2  startup_lpc17xx.o(.text)
    UsageFault_Handler                       0x000000ed   Thumb Code     2  startup_lpc17xx.o(.text)
    SVC_Handler                              0x000000ef   Thumb Code     2  startup_lpc17xx.o(.text)
    DebugMon_Handler                         0x000000f1   Thumb Code     2  startup_lpc17xx.o(.text)
    PendSV_Handler                           0x000000f3   Thumb Code     2  startup_lpc17xx.o(.text)
    SysTick_Handler                          0x000000f5   Thumb Code     2  startup_lpc17xx.o(.text)
    ADC_IRQHandler                           0x000000f7   Thumb Code     0  startup_lpc17xx.o(.text)
    BOD_IRQHandler                           0x000000f7   Thumb Code     0  startup_lpc17xx.o(.text)
    CANActivity_IRQHandler                   0x000000f7   Thumb Code     0  startup_lpc17xx.o(.text)
    CAN_IRQHandler                           0x000000f7   Thumb Code     0  startup_lpc17xx.o(.text)
    DMA_IRQHandler                           0x000000f7   Thumb Code     0  startup_lpc17xx.o(.text)
    EINT0_IRQHandler                         0x000000f7   Thumb Code     0  startup_lpc17xx.o(.text)
    EINT1_IRQHandler                         0x000000f7   Thumb Code     0  startup_lpc17xx.o(.text)
    EINT2_IRQHandler                         0x000000f7   Thumb Code     0  startup_lpc17xx.o(.text)
    EINT3_IRQHandler                         0x000000f7   Thumb Code     0  startup_lpc17xx.o(.text)
    ENET_IRQHandler                          0x000000f7   Thumb Code     0  startup_lpc17xx.o(.text)
    I2C0_IRQHandler                          0x000000f7   Thumb Code     0  startup_lpc17xx.o(.text)
    I2C1_IRQHandler                          0x000000f7   Thumb Code     0  startup_lpc17xx.o(.text)
    I2C2_IRQHandler                          0x000000f7   Thumb Code     0  startup_lpc17xx.o(.text)
    I2S_IRQHandler                           0x000000f7   Thumb Code     0  startup_lpc17xx.o(.text)
    MCPWM_IRQHandler                         0x000000f7   Thumb Code     0  startup_lpc17xx.o(.text)
    PLL0_IRQHandler                          0x000000f7   Thumb Code     0  startup_lpc17xx.o(.text)
    PLL1_IRQHandler                          0x000000f7   Thumb Code     0  startup_lpc17xx.o(.text)
    PWM1_IRQHandler                          0x000000f7   Thumb Code     0  startup_lpc17xx.o(.text)
    QEI_IRQHandler                           0x000000f7   Thumb Code     0  startup_lpc17xx.o(.text)
    RIT_IRQHandler                           0x000000f7   Thumb Code     0  startup_lpc17xx.o(.text)
    RTC_IRQHandler                           0x000000f7   Thumb Code     0  startup_lpc17xx.o(.text)
    SPI_IRQHandler                           0x000000f7   Thumb Code     0  startup_lpc17xx.o(.text)
    SSP0_IRQHandler                          0x000000f7   Thumb Code     0  startup_lpc17xx.o(.text)
    SSP1_IRQHandler                          0x000000f7   Thumb Code     0  startup_lpc17xx.o(.text)
    TIMER0_IRQHandler                        0x000000f7   Thumb Code     0  startup_lpc17xx.o(.text)
    TIMER1_IRQHandler                        0x000000f7   Thumb Code     0  startup_lpc17xx.o(.text)
    TIMER2_IRQHandler                        0x000000f7   Thumb Code     0  startup_lpc17xx.o(.text)
    TIMER3_IRQHandler                        0x000000f7   Thumb Code     0  startup_lpc17xx.o(.text)
    UART2_IRQHandler                         0x000000f7   Thumb Code     0  startup_lpc17xx.o(.text)
    UART3_IRQHandler                         0x000000f7   Thumb Code     0  startup_lpc17xx.o(.text)
    USBActivity_IRQHandler                   0x000000f7   Thumb Code     0  startup_lpc17xx.o(.text)
    WDT_IRQHandler                           0x000000f7   Thumb Code     0  startup_lpc17xx.o(.text)
    USB_Reset_Event                          0x000000fd   Thumb Code     8  usbuser.o(.text)
    USB_Configure_Event                      0x00000105   Thumb Code    74  usbuser.o(.text)
    USB_EndPoint1                            0x0000014f   Thumb Code    78  usbuser.o(.text)
    USB_EndPoint2                            0x0000019d   Thumb Code     2  usbuser.o(.text)
    USB_EndPoint3                            0x0000019f   Thumb Code     2  usbuser.o(.text)
    USB_EndPoint4                            0x000001a1   Thumb Code     2  usbuser.o(.text)
    USB_EndPoint5                            0x000001a3   Thumb Code     2  usbuser.o(.text)
    USB_EndPoint6                            0x000001a5   Thumb Code     2  usbuser.o(.text)
    USB_EndPoint7                            0x000001a7   Thumb Code     2  usbuser.o(.text)
    USB_EndPoint8                            0x000001a9   Thumb Code     2  usbuser.o(.text)
    USB_EndPoint9                            0x000001ab   Thumb Code     2  usbuser.o(.text)
    USB_EndPoint10                           0x000001ad   Thumb Code     2  usbuser.o(.text)
    USB_EndPoint11                           0x000001af   Thumb Code     2  usbuser.o(.text)
    USB_EndPoint12                           0x000001b1   Thumb Code     2  usbuser.o(.text)
    USB_EndPoint13                           0x000001b3   Thumb Code     2  usbuser.o(.text)
    USB_EndPoint14                           0x000001b5   Thumb Code     2  usbuser.o(.text)
    USB_EndPoint15                           0x000001b7   Thumb Code     2  usbuser.o(.text)
    HID_GetReport                            0x000001c9   Thumb Code    40  hiduser.o(.text)
    HID_SetReport                            0x000001f1   Thumb Code    48  hiduser.o(.text)
    HID_GetIdle                              0x00000221   Thumb Code    16  hiduser.o(.text)
    HID_SetIdle                              0x00000231   Thumb Code    16  hiduser.o(.text)
    HID_GetProtocol                          0x00000241   Thumb Code    12  hiduser.o(.text)
    HID_SetProtocol                          0x0000024d   Thumb Code    12  hiduser.o(.text)
    __aeabi_fmul                             0x0000026d   Thumb Code   108  fmul.o(.text)
    __aeabi_i2d                              0x000002d9   Thumb Code    34  dflti.o(.text)
    __I$use$fp                               0x000002fb   Thumb Code     0  iusefp.o(.text)
    __scatterload_null                       0x000002fb   Thumb Code     2  handlers.o(i.__scatterload_null)
    SystemInit                               0x00000301   Thumb Code   538  system_lpc17xx.o(.text)
    USB_ResetCore                            0x00000569   Thumb Code    34  usbcore.o(.text)
    USB_SetupStage                           0x0000058b   Thumb Code    12  usbcore.o(.text)
    USB_DataInStage                          0x00000597   Thumb Code    52  usbcore.o(.text)
    USB_DataOutStage                         0x000005cb   Thumb Code    34  usbcore.o(.text)
    USB_StatusInStage                        0x000005ed   Thumb Code    14  usbcore.o(.text)
    USB_StatusOutStage                       0x000005fb   Thumb Code    12  usbcore.o(.text)
    USB_EndPoint0                            0x00000607   Thumb Code   722  usbcore.o(.text)
    EPAdr                                    0x00000905   Thumb Code    16  usbhw.o(.text)
    WrCmd                                    0x00000915   Thumb Code    26  usbhw.o(.text)
    WrCmdDat                                 0x0000092f   Thumb Code    50  usbhw.o(.text)
    WrCmdEP                                  0x00000961   Thumb Code    70  usbhw.o(.text)
    RdCmdDat                                 0x000009a7   Thumb Code    32  usbhw.o(.text)
    USB_SetAddress                           0x000009c7   Thumb Code    42  usbhw.o(.text)
    USB_Reset                                0x000009f1   Thumb Code    76  usbhw.o(.text)
    USB_Init                                 0x00000a3d   Thumb Code   138  usbhw.o(.text)
    USB_Connect                              0x00000ac7   Thumb Code    28  usbhw.o(.text)
    USB_Suspend                              0x00000ae3   Thumb Code     2  usbhw.o(.text)
    USB_Resume                               0x00000ae5   Thumb Code     2  usbhw.o(.text)
    USB_WakeUp                               0x00000ae7   Thumb Code    22  usbhw.o(.text)
    USB_WakeUpCfg                            0x00000afd   Thumb Code     2  usbhw.o(.text)
    USB_Configure                            0x00000aff   Thumb Code    54  usbhw.o(.text)
    USB_ConfigEP                             0x00000b35   Thumb Code    66  usbhw.o(.text)
    USB_DirCtrlEP                            0x00000b77   Thumb Code     2  usbhw.o(.text)
    USB_EnableEP                             0x00000b79   Thumb Code    26  usbhw.o(.text)
    USB_DisableEP                            0x00000b93   Thumb Code    26  usbhw.o(.text)
    USB_ResetEP                              0x00000bad   Thumb Code    26  usbhw.o(.text)
    USB_SetStallEP                           0x00000bc7   Thumb Code    26  usbhw.o(.text)
    USB_ClrStallEP                           0x00000be1   Thumb Code    26  usbhw.o(.text)
    USB_ClearEPBuf                           0x00000bfb   Thumb Code    14  usbhw.o(.text)
    USB_ReadEP                               0x00000c09   Thumb Code    96  usbhw.o(.text)
    USB_WriteEP                              0x00000c69   Thumb Code    76  usbhw.o(.text)
    USB_GetFrame                             0x00000cb5   Thumb Code    30  usbhw.o(.text)
    USB_IRQHandler                           0x00000cd3   Thumb Code   350  usbhw.o(.text)
    GetInReport                              0x00000e49   Thumb Code   400  demo.o(.text)
    SetOutReport                             0x00000fd9   Thumb Code    58  demo.o(.text)
    main                                     0x00001013   Thumb Code   876  demo.o(.text)
    UART0_IRQHandler                         0x0000139d   Thumb Code   216  uart.o(.text)
    UART1_IRQHandler                         0x00001475   Thumb Code   172  uart.o(.text)
    UARTInit                                 0x00001521   Thumb Code   134  uart.o(.text)
    UARTSend                                 0x000015a7   Thumb Code    76  uart.o(.text)
    __aeabi_fadd                             0x00001645   Thumb Code   164  fadd.o(.text)
    __aeabi_fsub                             0x000016e9   Thumb Code     6  fadd.o(.text)
    __aeabi_frsub                            0x000016ef   Thumb Code     6  fadd.o(.text)
    __aeabi_dadd                             0x000016f5   Thumb Code   322  dadd.o(.text)
    __aeabi_dsub                             0x00001837   Thumb Code     6  dadd.o(.text)
    __aeabi_drsub                            0x0000183d   Thumb Code     6  dadd.o(.text)
    __aeabi_dmul                             0x00001843   Thumb Code   228  dmul.o(.text)
    __aeabi_ddiv                             0x00001927   Thumb Code   222  ddiv.o(.text)
    __aeabi_f2uiz                            0x00001a05   Thumb Code    40  ffixui.o(.text)
    __aeabi_d2uiz                            0x00001a2d   Thumb Code    50  dfixui.o(.text)
    __aeabi_d2f                              0x00001a5f   Thumb Code    56  d2f.o(.text)
    __aeabi_cfrcmple                         0x00001a99   Thumb Code    20  cfrcmple.o(.text)
    __aeabi_llsl                             0x00001aad   Thumb Code    30  llshl.o(.text)
    _ll_shift_l                              0x00001aad   Thumb Code     0  llshl.o(.text)
    __aeabi_llsr                             0x00001acb   Thumb Code    32  llushr.o(.text)
    _ll_ushift_r                             0x00001acb   Thumb Code     0  llushr.o(.text)
    __aeabi_lasr                             0x00001aeb   Thumb Code    36  llsshr.o(.text)
    _ll_sshift_r                             0x00001aeb   Thumb Code     0  llsshr.o(.text)
    _float_round                             0x00001b0f   Thumb Code    18  fepilogue.o(.text)
    _float_epilogue                          0x00001b21   Thumb Code    90  fepilogue.o(.text)
    _double_round                            0x00001b7b   Thumb Code    26  depilogue.o(.text)
    _double_epilogue                         0x00001b95   Thumb Code   164  depilogue.o(.text)
    __scatterload                            0x00001c39   Thumb Code    28  init.o(.text)
    __scatterload_rt2                        0x00001c39   Thumb Code     0  init.o(.text)
    USB_ReqGetDescriptor                     0x00001c5d   Thumb Code   230  usbcore.o(i.USB_ReqGetDescriptor)
    USB_ReqGetStatus                         0x00001d61   Thumb Code   160  usbcore.o(i.USB_ReqGetStatus)
    USB_ReqSetClrFeature                     0x00001e21   Thumb Code   210  usbcore.o(i.USB_ReqSetClrFeature)
    USB_ReqSetConfiguration                  0x00001f0d   Thumb Code   400  usbcore.o(i.USB_ReqSetConfiguration)
    USB_ReqSetInterface                      0x000020c1   Thumb Code   278  usbcore.o(i.USB_ReqSetInterface)
    __scatterload_copy                       0x000021f1   Thumb Code    14  handlers.o(i.__scatterload_copy)
    __scatterload_zeroinit                   0x000021ff   Thumb Code    14  handlers.o(i.__scatterload_zeroinit)
    HID_ReportDescriptor                     0x0000220c   Data         119  usbdesc.o(.constdata)
    HID_ReportDescSize                       0x00002284   Data           2  usbdesc.o(.constdata)
    USB_DeviceDescriptor                     0x00002286   Data          18  usbdesc.o(.constdata)
    USB_ConfigDescriptor                     0x00002298   Data          34  usbdesc.o(.constdata)
    USB_StringDescriptor                     0x000022ba   Data         100  usbdesc.o(.constdata)
    USB_P_EP                                 0x00002320   Data          64  usbuser.o(.constdata)
    Region$$Table$$Base                      0x00002360   Number         0  anon$$obj.o(Region$$Table)
    Region$$Table$$Limit                     0x00002380   Number         0  anon$$obj.o(Region$$Table)
    SystemFrequency                          0x10000000   Data           4  system_lpc17xx.o(.data)
    USB_DeviceStatus                         0x10000004   Data           2  usbcore.o(.data)
    USB_DeviceAddress                        0x10000006   Data           1  usbcore.o(.data)
    USB_Configuration                        0x10000007   Data           1  usbcore.o(.data)
    USB_EndPointMask                         0x10000008   Data           4  usbcore.o(.data)
    USB_EndPointHalt                         0x1000000c   Data           4  usbcore.o(.data)
    USB_EndPointStall                        0x10000010   Data           4  usbcore.o(.data)
    USB_NumInterfaces                        0x10000014   Data           1  usbcore.o(.data)
    USB_AltSetting                           0x10000015   Data           1  usbcore.o(.data)
    EP0Buf                                   0x10000016   Data           8  usbcore.o(.data)
    EP0Data                                  0x10000020   Data           8  usbcore.o(.data)
    SetupPacket                              0x10000028   Data           8  usbcore.o(.data)
    iFlag                                    0x10000030   Data           1  usbuser.o(.data)
    HID_Protocol                             0x10000031   Data           1  hiduser.o(.data)
    HID_IdleTime                             0x10000032   Data           1  hiduser.o(.data)
    Keyzuo                                   0x10000034   Data           1  demo.o(.data)
    Keyyou                                   0x10000035   Data           1  demo.o(.data)
    Keyzhong                                 0x10000036   Data           1  demo.o(.data)
    GucCurX                                  0x10000037   Data           1  demo.o(.data)
    GucLastX                                 0x10000038   Data           1  demo.o(.data)
    GucCurY                                  0x10000039   Data           1  demo.o(.data)
    GucLastY                                 0x1000003a   Data           1  demo.o(.data)
    MouseTransMode                           0x1000003b   Data           1  demo.o(.data)
    AddX                                     0x1000003c   Data           4  demo.o(.data)
    Temple                                   0x10000040   Data           1  demo.o(.data)
    InReport                                 0x10000064   Data           1  demo.o(.data)
    OutReport                                0x10000065   Data           1  demo.o(.data)
    UART0TxEmpty                             0x10000068   Data           1  uart.o(.data)
    UART1TxEmpty                             0x10000069   Data           1  uart.o(.data)
    UART0Count                               0x1000006c   Data           4  uart.o(.data)
    UART1Count                               0x10000070   Data           4  uart.o(.data)
    sign0                                    0x10000074   Data           1  uart.o(.data)
    UART0Status                              0x10000078   Data           4  uart.o(.data)
    UART1Status                              0x1000007c   Data           4  uart.o(.data)
    MyReportkey                              0x10000080   Data           9  demo.o(.bss)
    MyReportmouse                            0x10000089   Data           9  demo.o(.bss)
    accel                                    0x10000094   Data          12  demo.o(.bss)
    omiga                                    0x100000a0   Data          12  demo.o(.bss)
    angle                                    0x100000ac   Data          12  demo.o(.bss)
    UART0Buffer                              0x100000b8   Data          64  uart.o(.bss)
    UART1Buffer                              0x100000f8   Data          64  uart.o(.bss)
    __initial_sp                             0x10000338   Data           0  startup_lpc17xx.o(STACK)



==============================================================================

Memory Map of the image

  Image Entry point : 0x000000cd

  Load Region LR_IROM1 (Base: 0x00000000, Size: 0x00002400, Max: 0x00040000, ABSOLUTE)

    Execution Region ER_IROM1 (Base: 0x00000000, Size: 0x00002380, Max: 0x00040000, ABSOLUTE)

    Base Addr    Size         Type   Attr      Idx    E Section Name        Object

    0x00000000   0x000000cc   Data   RO            3    RESET               startup_lpc17xx.o
    0x000000cc   0x00000000   Code   RO          295  * .ARM.Collect$$$$00000000  mc_w.l(entry.o)
    0x000000cc   0x00000004   Code   RO          318    .ARM.Collect$$$$00000001  mc_w.l(entry2.o)
    0x000000d0   0x00000004   Code   RO          321    .ARM.Collect$$$$00000004  mc_w.l(entry5.o)
    0x000000d4   0x00000000   Code   RO          323    .ARM.Collect$$$$00000008  mc_w.l(entry7b.o)
    0x000000d4   0x00000000   Code   RO          325    .ARM.Collect$$$$0000000A  mc_w.l(entry8b.o)
    0x000000d4   0x00000008   Code   RO          326    .ARM.Collect$$$$0000000B  mc_w.l(entry9a.o)
    0x000000dc   0x00000000   Code   RO          328    .ARM.Collect$$$$0000000D  mc_w.l(entry10a.o)
    0x000000dc   0x00000000   Code   RO          330    .ARM.Collect$$$$0000000F  mc_w.l(entry11a.o)
    0x000000dc   0x00000004   Code   RO          319    .ARM.Collect$$$$00002712  mc_w.l(entry2.o)
    0x000000e0   0x0000001c   Code   RO            5    .text               startup_lpc17xx.o
    0x000000fc   0x000000cc   Code   RO          187    .text               usbuser.o
    0x000001c8   0x000000a4   Code   RO          211    .text               hiduser.o
    0x0000026c   0x0000006c   Code   RO          300    .text               mf_w.l(fmul.o)
    0x000002d8   0x00000022   Code   RO          308    .text               mf_w.l(dflti.o)
    0x000002fa   0x00000000   Code   RO          338    .text               mc_w.l(iusefp.o)
    0x000002fa   0x00000002   Code   RO          348    i.__scatterload_null  mc_w.l(handlers.o)
    0x000002fc   0x00000004   Code   RO            4    .ARM.__at_0x02FC    startup_lpc17xx.o
    0x00000300   0x00000268   Code   RO           15    .text               system_lpc17xx.o
    0x00000568   0x0000039c   Code   RO           57    .text               usbcore.o
    0x00000904   0x00000544   Code   RO          155    .text               usbhw.o
    0x00000e48   0x00000554   Code   RO          231    .text               demo.o
    0x0000139c   0x000002a8   Code   RO          266    .text               uart.o
    0x00001644   0x000000b0   Code   RO          298    .text               mf_w.l(fadd.o)
    0x000016f4   0x0000014e   Code   RO          302    .text               mf_w.l(dadd.o)
    0x00001842   0x000000e4   Code   RO          304    .text               mf_w.l(dmul.o)
    0x00001926   0x000000de   Code   RO          306    .text               mf_w.l(ddiv.o)
    0x00001a04   0x00000028   Code   RO          310    .text               mf_w.l(ffixui.o)
    0x00001a2c   0x00000032   Code   RO          312    .text               mf_w.l(dfixui.o)
    0x00001a5e   0x00000038   Code   RO          314    .text               mf_w.l(d2f.o)
    0x00001a96   0x00000002   PAD
    0x00001a98   0x00000014   Code   RO          316    .text               mf_w.l(cfrcmple.o)
    0x00001aac   0x0000001e   Code   RO          332    .text               mc_w.l(llshl.o)
    0x00001aca   0x00000020   Code   RO          334    .text               mc_w.l(llushr.o)
    0x00001aea   0x00000024   Code   RO          336    .text               mc_w.l(llsshr.o)
    0x00001b0e   0x0000006c   Code   RO          339    .text               mf_w.l(fepilogue.o)
    0x00001b7a   0x000000be   Code   RO          341    .text               mf_w.l(depilogue.o)
    0x00001c38   0x00000024   Code   RO          343    .text               mc_w.l(init.o)
    0x00001c5c   0x00000104   Code   RO           81    i.USB_ReqGetDescriptor  usbcore.o
    0x00001d60   0x000000c0   Code   RO           69    i.USB_ReqGetStatus  usbcore.o
    0x00001e20   0x000000ec   Code   RO           75    i.USB_ReqSetClrFeature  usbcore.o
    0x00001f0c   0x000001b4   Code   RO           87    i.USB_ReqSetConfiguration  usbcore.o
    0x000020c0   0x00000130   Code   RO           93    i.USB_ReqSetInterface  usbcore.o
    0x000021f0   0x0000000e   Code   RO          347    i.__scatterload_copy  mc_w.l(handlers.o)
    0x000021fe   0x0000000e   Code   RO          349    i.__scatterload_zeroinit  mc_w.l(handlers.o)
    0x0000220c   0x00000112   Data   RO          141    .constdata          usbdesc.o
    0x0000231e   0x00000002   PAD
    0x00002320   0x00000040   Data   RO          188    .constdata          usbuser.o
    0x00002360   0x00000020   Data   RO          345    Region$$Table       anon$$obj.o


    Execution Region RW_IRAM1 (Base: 0x10000000, Size: 0x00000338, Max: 0x00008000, ABSOLUTE)

    Base Addr    Size         Type   Attr      Idx    E Section Name        Object

    0x10000000   0x00000004   Data   RW           16    .data               system_lpc17xx.o
    0x10000004   0x0000002c   Data   RW           58    .data               usbcore.o
    0x10000030   0x00000001   Data   RW          189    .data               usbuser.o
    0x10000031   0x00000002   Data   RW          212    .data               hiduser.o
    0x10000033   0x00000001   PAD
    0x10000034   0x00000032   Data   RW          233    .data               demo.o
    0x10000066   0x00000002   PAD
    0x10000068   0x00000018   Data   RW          268    .data               uart.o
    0x10000080   0x00000038   Zero   RW          232    .bss                demo.o
    0x100000b8   0x00000080   Zero   RW          267    .bss                uart.o
    0x10000138   0x00000200   Zero   RW            1    STACK               startup_lpc17xx.o


==============================================================================

Image component sizes


      Code (inc. data)   RO Data    RW Data    ZI Data      Debug   Object Name

      1364        174          0         50         56       2936   demo.o
       164         20          0          2          0       1682   hiduser.o
        32          8        204          0        512        848   startup_lpc17xx.o
       616         78          0          4          0       4883   system_lpc17xx.o
       680         58          0         24        128      42805   uart.o
      2352        226          0         44          0      12447   usbcore.o
         0          0        274          0          0        741   usbdesc.o
      1348        140          0          0          0      45933   usbhw.o
       204         16         64          1          0       3191   usbuser.o

    ----------------------------------------------------------------------
      6760        720        576        128        696     115466   Object Totals
         0          0         32          0          0          0   (incl. Generated)
         0          0          2          3          0          0   (incl. Padding)

    ----------------------------------------------------------------------

      Code (inc. data)   RO Data    RW Data    ZI Data      Debug   Library Member Name

         0          0          0          0          0          0   entry.o
         0          0          0          0          0          0   entry10a.o
         0          0          0          0          0          0   entry11a.o
         8          4          0          0          0          0   entry2.o
         4          0          0          0          0          0   entry5.o
         0          0          0          0          0          0   entry7b.o
         0          0          0          0          0          0   entry8b.o
         8          4          0          0          0          0   entry9a.o
        30          0          0          0          0          0   handlers.o
        36          8          0          0          0         68   init.o
         0          0          0          0          0          0   iusefp.o
        30          0          0          0          0         68   llshl.o
        36          0          0          0          0         68   llsshr.o
        32          0          0          0          0         68   llushr.o
        20          0          0          0          0         68   cfrcmple.o
        56          0          0          0          0         88   d2f.o
       334          0          0          0          0        144   dadd.o
       222          0          0          0          0        100   ddiv.o
       190          0          0          0          0        176   depilogue.o
        50          0          0          0          0         76   dfixui.o
        34          0          0          0          0         76   dflti.o
       228          0          0          0          0         92   dmul.o
       176          0          0          0          0        140   fadd.o
       108          0          0          0          0        168   fepilogue.o
        40          0          0          0          0         68   ffixui.o
       108          0          0          0          0         76   fmul.o

    ----------------------------------------------------------------------
      1752         16          0          0          0       1544   Library Totals
         2          0          0          0          0          0   (incl. Padding)

    ----------------------------------------------------------------------

      Code (inc. data)   RO Data    RW Data    ZI Data      Debug   Library Name

       184         16          0          0          0        272   mc_w.l
      1566          0          0          0          0       1272   mf_w.l

    ----------------------------------------------------------------------
      1752         16          0          0          0       1544   Library Totals

    ----------------------------------------------------------------------

==============================================================================


      Code (inc. data)   RO Data    RW Data    ZI Data      Debug   

      8512        736        576        128        696     115346   Grand Totals
      8512        736        576        128        696     115346   ELF Image Totals
      8512        736        576        128          0          0   ROM Totals

==============================================================================

    Total RO  Size (Code + RO Data)                 9088 (   8.88kB)
    Total RW  Size (RW Data + ZI Data)               824 (   0.80kB)
    Total ROM Size (Code + RO Data + RW Data)       9216 (   9.00kB)

==============================================================================

